src/app/(main)/settings/page.tsx(12,8): error TS2307: Cannot find module '@/components/ui/breadcrumb' or its corresponding type declarations.
src/app/(main)/staff/components/staff-user-accounts.tsx(324,26): error TS2339: Property 'type' does not exist on type '(EventTarget & HTMLInputElement) | { name: string; value: any; }'.
src/app/(main)/staff/components/staff-user-accounts.tsx(688,15): error TS2322: Type '{ children: string; onClick: () => void; variant: string; }' is not assignable to type 'IntrinsicAttributes & Omit<AlertDialogActionProps & RefAttributes<HTMLButtonElement>, "ref"> & RefAttributes<...>'.
  Property 'variant' does not exist on type 'IntrinsicAttributes & Omit<AlertDialogActionProps & RefAttributes<HTMLButtonElement>, "ref"> & RefAttributes<...>'.
src/app/(main)/staff/components/staff-waiter-supervision.tsx(56,21): error TS2322: Type 'string | null' is not assignable to type 'string | undefined'.
  Type 'null' is not assignable to type 'string | undefined'.
src/lib/data.ts(129,189): error TS2322: Type 'string' is not assignable to type 'User'.
src/lib/data.ts(130,117): error TS2322: Type 'string' is not assignable to type 'User'.
src/lib/data.ts(131,115): error TS2322: Type 'string' is not assignable to type 'User'.
src/lib/data.ts(132,113): error TS2322: Type 'string' is not assignable to type 'User'.
src/lib/data.ts(133,114): error TS2322: Type 'string' is not assignable to type 'User'.
